== zterm-bench ==
zterm-bench v0.2.0 (schema 2): repeat=5 feed=128MiB pty=16MiB shell=/bin/sh
| metric | median | min | max | p99 | unit | n |
|---|---:|---:|---:|---:|---|---:|
| feed_mixed_mibs | 71.149 | 70.701 | 74.018 | 74.018 | MiB/s | 5 |
| feed_plain_mibs | 164.367 | 155.024 | 172.380 | 172.380 | MiB/s | 5 |
| feed_cjk_mibs | 54.967 | 54.597 | 55.853 | 55.853 | MiB/s | 5 |
| feed_redraw_mibs | 365.438 | 349.705 | 373.339 | 373.339 | MiB/s | 5 |
| pty_ingest_mibs | 68.502 | 58.635 | 72.131 | 72.131 | MiB/s | 5 |
| create_destroy_us | 5289.428 | 5265.507 | 5300.662 | 5300.662 | us/op | 5 |
| attach_detach_us | 0.016 | 0.015 | 0.025 | 0.025 | us/op | 5 |

== zterm-viewbench ==
zterm-viewbench (schema 1): socket=/tmp/zb-yjz475l_/s.sock keys=500 repeat=5 seq=500000
| metric | median | min | max | p99 | unit | n |
|---|---:|---:|---:|---:|---|---:|
| keypress_us | 29.588 | 19.717 | 197.502 | 127.532 | us | 500 |
| resize_ms | 0.059 | 0.044 | 0.091 | 0.091 | ms | 50 |
| view_output_mibs_v1 | 12.069 | 10.509 | 13.640 | 13.640 | MiB/s | 5 |
| view_output_mibs_v4 | 9.441 | 6.952 | 11.337 | 11.337 | MiB/s | 5 |
| view_output_mibs_v16 | 3.762 | 3.460 | 4.319 | 4.319 | MiB/s | 5 |
| view_output_mibs_v1_stalled1 | 10.480 | 10.109 | 11.740 | 11.740 | MiB/s | 5 |
| view_frames_per_s_v1 | 2730.653 | 2095.043 | 3994.584 | 3994.584 | frames/s | 5 |
| view_bytes_per_frame_v1 | 1995.555 | 1992.635 | 1998.127 | 1998.127 | B/frame | 5 |
| reattach_first_frame_ms | 0.173 | 0.095 | 0.246 | 0.246 | ms | 20 |
| reattach_history_ms | 22.622 | 14.114 | 29.111 | 29.111 | ms | 20 |

== zterm server ==
zterm server: listening on /tmp/zb-yjz475l_/s.sock
zterm server: pane 1 (shell) ready
zterm server: stopping