== zterm-bench ==
zterm-bench v0.2.0 (schema 2): repeat=5 feed=128MiB pty=16MiB shell=/bin/sh
| metric | median | min | max | p99 | unit | n |
|---|---:|---:|---:|---:|---|---:|
| feed_mixed_mibs | 67.804 | 67.508 | 72.760 | 72.760 | MiB/s | 5 |
| feed_plain_mibs | 157.076 | 155.915 | 167.792 | 167.792 | MiB/s | 5 |
| feed_cjk_mibs | 57.296 | 53.298 | 58.490 | 58.490 | MiB/s | 5 |
| feed_redraw_mibs | 355.623 | 342.998 | 369.442 | 369.442 | MiB/s | 5 |
| pty_ingest_mibs | 62.253 | 57.764 | 67.671 | 67.671 | MiB/s | 5 |
| create_destroy_us | 5454.545 | 5395.843 | 5468.639 | 5468.639 | us/op | 5 |
| attach_detach_us | 0.027 | 0.025 | 0.028 | 0.028 | us/op | 5 |

== zterm-viewbench ==
zterm-viewbench (schema 1): socket=/tmp/zb-89arhs5h/s.sock keys=500 repeat=5 seq=500000
| metric | median | min | max | p99 | unit | n |
|---|---:|---:|---:|---:|---|---:|
| keypress_us | 20.560 | 18.320 | 153.019 | 100.601 | us | 500 |
| resize_ms | 0.054 | 0.041 | 0.074 | 0.074 | ms | 50 |
| view_output_mibs_v1 | 11.409 | 10.805 | 12.069 | 12.069 | MiB/s | 5 |
| view_output_mibs_v4 | 9.955 | 8.493 | 12.215 | 12.215 | MiB/s | 5 |
| view_output_mibs_v16 | 4.235 | 3.393 | 4.926 | 4.926 | MiB/s | 5 |
| view_output_mibs_v1_stalled1 | 10.624 | 10.234 | 13.244 | 13.244 | MiB/s | 5 |
| view_frames_per_s_v1 | 4585.572 | 2343.932 | 5499.725 | 5499.725 | frames/s | 5 |
| view_bytes_per_frame_v1 | 2000.033 | 1989.394 | 2003.144 | 2003.144 | B/frame | 5 |
| reattach_first_frame_ms | 0.175 | 0.134 | 0.217 | 0.217 | ms | 20 |
| reattach_history_ms | 17.544 | 16.303 | 28.536 | 28.536 | ms | 20 |

== zterm server ==
zterm server: listening on /tmp/zb-89arhs5h/s.sock
zterm server: pane 1 (shell) ready
zterm server: stopping